Ran out of flash space in <Kernel> - 0x20000 bytes too large.
