Ran out of flash space in <Ramdisk> - 0x00010 bytes too large.
