Ran out of flash space in <Flashdisk> - 0x20000 bytes too large.
