Ran out of flash space in <Flashdisk> - 0x00010 bytes too large.
